../Core/Src/main.c:93:6:pr_log	16	static
../Core/Src/main.c:103:6:HAL_UART_RxHalfCpltCallback	16	static
../Core/Src/main.c:113:5:main	8	static
../Core/Src/main.c:201:6:SystemClock_Config	88	static
../Core/Src/main.c:243:13:MX_USART1_UART_Init	8	static
../Core/Src/main.c:274:13:MX_DMA_Init	16	static
../Core/Src/main.c:295:13:MX_GPIO_Init	40	static
../Core/Src/main.c:330:6:Function_1	16	static
../Core/Src/main.c:351:6:Function_2	16	static
../Core/Src/main.c:372:6:Function_3	48	static
../Core/Src/main.c:436:6:Error_Handler	4	static,ignoring_inline_asm
